---
source: crates/synd_o11y/src/tracing_subscriber/otel_log/mod.rs
description: " log 1 resource"
expression: log1.resource
---
attributes:
  - key: service.name
    value:
      stringValue: test
droppedAttributesCount: 0
