---
source: crates/synd_o11y/src/tracing_subscriber/otel_metrics/mod.rs
description: " metric 1 datapoint attributes"
expression: data.attributes
---
- key: key1
  value:
    stringValue: val1
