---
source: crates/synd_term/tests/integration.rs
description: entris after changing requirement to must
expression: application.buffer()
---
Buffer {
    area: Rect { x: 0, y: 0, width: 120, height: 30 },
    content: [
        "  Syndicationd                                                                                     󱉯 Entries    󰑫 Feeds ",
        "  󰈶 Filter    MST   󰭎                                                                                                  ",
        "   Search                                                                                                              ",
        "                                                                                                                        ",
        "  Published   Entry 1/4                                                          Feed                               Req ",
        " 2024-05-29   This Week in Rust 549                                            This Week in Rust                  MST▐",
        "  2024-05-22   This Week in Rust 548                                            This Week in Rust                  MST▐",
        "  2024-05-15   This Week in Rust 547                                            This Week in Rust                  MST▐",
        "  2024-05-08   This Week in Rust 546                                            This Week in Rust                  MST▐",
        "                                                                                                                       ▐",
        "                                                                                                                       ▐",
        "                                                                                                                       ▐",
        "                                                                                                                       ▐",
        "                                                                                                                       ▐",
        "                                                                                                                       ▐",
        "                                                                                                                       ▐",
        "                                                                                                                       ▐",
        "                                                                                                                       ▐",
        "                                                                                                                        ",
        "                                                                                                                        ",
        "────────────────────────────────────────────────────────────────────────────────────────────────────────────────────────",
        "  󰯂 Entry     This Week in Rust 549                                                                                     ",
        "  󰏌 URL       https://this-week-in-rust.org/blog/2024/05/29/this-week-in-rust-549/                                      ",
        "   Published 2024-05-29 04:00 (+00:00)                                                                                 ",
        "                                                                                                                        ",
        "  󱙓 Summary                                                                                                             ",
        "  Hello and welcome to another issue of *This Week in Rust*! [Rust][1] is a programming language empowering everyone    ",
        "  to build reliable and efficient software. This is a weekly summary of its progress and community. Want something      ",
        "  mentioned? Tag us at [@ThisWeekInRust][2] on X(formerly Twitter) or [@ThisWeekinRust][3] on mastodon.social …         ",
        "                              Tab:󰹳  j/k:󰹹  gg:󱞧  ge:󱞥  h/l:  c:  /:  r:󰑓  Ent:󰏌  q:                                ",
    ],
    styles: [
        x: 0, y: 0, fg: Rgb(254, 205, 178), bg: Rgb(43, 41, 45), underline: Reset, modifier: NONE,
        x: 2, y: 0, fg: Rgb(254, 205, 178), bg: Rgb(43, 41, 45), underline: Reset, modifier: BOLD,
        x: 14, y: 0, fg: Rgb(254, 205, 178), bg: Rgb(43, 41, 45), underline: Reset, modifier: NONE,
        x: 99, y: 0, fg: Rgb(255, 160, 122), bg: Rgb(43, 41, 45), underline: Reset, modifier: BOLD,
        x: 108, y: 0, fg: Rgb(254, 205, 178), bg: Rgb(43, 41, 45), underline: Reset, modifier: NONE,
        x: 2, y: 1, fg: Rgb(254, 205, 178), bg: Rgb(43, 41, 45), underline: Reset, modifier: DIM,
        x: 10, y: 1, fg: Rgb(254, 205, 178), bg: Rgb(43, 41, 45), underline: Reset, modifier: NONE,
        x: 20, y: 1, fg: White, bg: Rgb(43, 41, 45), underline: Reset, modifier: NONE,
        x: 21, y: 1, fg: Rgb(254, 205, 178), bg: Rgb(43, 41, 45), underline: Reset, modifier: NONE,
        x: 24, y: 1, fg: Rgb(247, 76, 0), bg: Rgb(43, 41, 45), underline: Reset, modifier: NONE,
        x: 25, y: 1, fg: Rgb(254, 205, 178), bg: Rgb(43, 41, 45), underline: Reset, modifier: NONE,
        x: 2, y: 2, fg: Rgb(254, 205, 178), bg: Rgb(43, 41, 45), underline: Reset, modifier: DIM,
        x: 10, y: 2, fg: Rgb(254, 205, 178), bg: Rgb(43, 41, 45), underline: Reset, modifier: NONE,
        x: 0, y: 4, fg: Rgb(254, 205, 178), bg: Rgb(43, 41, 45), underline: Reset, modifier: BOLD | UNDERLINED,
        x: 0, y: 5, fg: Rgb(255, 160, 122), bg: Rgb(43, 41, 45), underline: Reset, modifier: BOLD,
        x: 119, y: 5, fg: Rgb(254, 205, 178), bg: Rgb(43, 41, 45), underline: Reset, modifier: BOLD,
        x: 0, y: 6, fg: Rgb(254, 205, 178), bg: Rgb(43, 41, 45), underline: Reset, modifier: NONE,
        x: 14, y: 6, fg: Rgb(247, 76, 0), bg: Rgb(43, 41, 45), underline: Reset, modifier: NONE,
        x: 15, y: 6, fg: Rgb(254, 205, 178), bg: Rgb(43, 41, 45), underline: Reset, modifier: NONE,
        x: 14, y: 7, fg: Rgb(247, 76, 0), bg: Rgb(43, 41, 45), underline: Reset, modifier: NONE,
        x: 15, y: 7, fg: Rgb(254, 205, 178), bg: Rgb(43, 41, 45), underline: Reset, modifier: NONE,
        x: 14, y: 8, fg: Rgb(247, 76, 0), bg: Rgb(43, 41, 45), underline: Reset, modifier: NONE,
        x: 15, y: 8, fg: Rgb(254, 205, 178), bg: Rgb(43, 41, 45), underline: Reset, modifier: NONE,
        x: 2, y: 21, fg: Rgb(254, 205, 178), bg: Rgb(43, 41, 45), underline: Reset, modifier: BOLD,
        x: 9, y: 21, fg: Rgb(254, 205, 178), bg: Rgb(43, 41, 45), underline: Reset, modifier: NONE,
        x: 2, y: 22, fg: Rgb(254, 205, 178), bg: Rgb(43, 41, 45), underline: Reset, modifier: BOLD,
        x: 7, y: 22, fg: Rgb(254, 205, 178), bg: Rgb(43, 41, 45), underline: Reset, modifier: NONE,
        x: 2, y: 23, fg: Rgb(254, 205, 178), bg: Rgb(43, 41, 45), underline: Reset, modifier: BOLD,
        x: 13, y: 23, fg: Rgb(254, 205, 178), bg: Rgb(43, 41, 45), underline: Reset, modifier: NONE,
        x: 2, y: 25, fg: Rgb(254, 205, 178), bg: Rgb(43, 41, 45), underline: Reset, modifier: BOLD | UNDERLINED,
        x: 11, y: 25, fg: Rgb(254, 205, 178), bg: Rgb(43, 41, 45), underline: Reset, modifier: NONE,
        x: 30, y: 29, fg: Rgb(111, 93, 99), bg: Rgb(43, 41, 45), underline: Reset, modifier: NONE,
        x: 90, y: 29, fg: Rgb(254, 205, 178), bg: Rgb(43, 41, 45), underline: Reset, modifier: NONE,
    ]
}
